[debug] [2026-07-11T06:40:12.282Z] ----------------------------------------------------------------------
[debug] [2026-07-11T06:40:12.284Z] Command:       C:\Program Files\nodejs\node.exe C:\Users\rene_\AppData\Roaming\npm\node_modules\firebase-tools\lib\bin\firebase.js init
[debug] [2026-07-11T06:40:12.284Z] CLI Version:   15.23.0
[debug] [2026-07-11T06:40:12.284Z] Platform:      win32
[debug] [2026-07-11T06:40:12.284Z] Node Version:  v24.15.0
[debug] [2026-07-11T06:40:12.284Z] Detected Agent: unknown
[debug] [2026-07-11T06:40:12.284Z] Time:          Sat Jul 11 2026 01:40:12 GMT-0500 (hora estándar de Colombia)
[debug] [2026-07-11T06:40:12.284Z] ----------------------------------------------------------------------
[debug] 
[info] 
     ######## #### ########  ######## ########     ###     ######  ########
     ##        ##  ##     ## ##       ##     ##  ##   ##  ##       ##
     ######    ##  ########  ######   ########  #########  ######  ######
     ##        ##  ##    ##  ##       ##     ## ##     ##       ## ##
     ##       #### ##     ## ######## ########  ##     ##  ######  ########

You're about to initialize a Firebase project in this directory:

  C:\Users\rene_\OneDrive\Desktop\Proyectos1\avanza-ilo

Before we get started, keep in mind:

  * You are initializing within an existing Firebase project directory

[info] 
=== Project Setup
[info] 
[info] First, let's associate this project directory with a Firebase project.
[info] You can create multiple project aliases by running firebase use --add, 
[info] 
[debug] [2026-07-11T06:40:31.880Z] > command requires scopes: ["email","openid","https://www.googleapis.com/auth/cloudplatformprojects.readonly","https://www.googleapis.com/auth/firebase","https://www.googleapis.com/auth/cloud-platform"]
[debug] [2026-07-11T06:40:31.880Z] > authorizing via signed-in user (rene_1234rpf@hotmail.com)
[debug] [2026-07-11T06:40:31.890Z] Checked if tokens are valid: true, expires at: 1783755600925
[debug] [2026-07-11T06:40:31.890Z] Checked if tokens are valid: true, expires at: 1783755600925
[debug] [2026-07-11T06:40:31.891Z] >>> [apiv2][query] GET https://firebase.googleapis.com/v1beta1/projects pageSize=100
[debug] [2026-07-11T06:40:32.436Z] <<< [apiv2][status] GET https://firebase.googleapis.com/v1beta1/projects 200
[debug] [2026-07-11T06:40:32.436Z] <<< [apiv2][body] GET https://firebase.googleapis.com/v1beta1/projects [omitted]
[info] 
=== Dataconnect Setup
[info] i  dataconnect: ensuring required API firebasedataconnect.googleapis.com is enabled... 
[debug] [2026-07-11T06:40:35.679Z] Checked if tokens are valid: true, expires at: 1783755600925
[debug] [2026-07-11T06:40:35.679Z] Checked if tokens are valid: true, expires at: 1783755600925
[info] i  dataconnect: ensuring required API sqladmin.googleapis.com is enabled... 
[debug] [2026-07-11T06:40:35.680Z] Checked if tokens are valid: true, expires at: 1783755600925
[debug] [2026-07-11T06:40:35.680Z] Checked if tokens are valid: true, expires at: 1783755600925
[debug] [2026-07-11T06:40:35.681Z] >>> [apiv2][query] GET https://serviceusage.googleapis.com/v1/projects/avanza-ilo/services/firebasedataconnect.googleapis.com [none]
[debug] [2026-07-11T06:40:35.681Z] >>> [apiv2][(partial)header] GET https://serviceusage.googleapis.com/v1/projects/avanza-ilo/services/firebasedataconnect.googleapis.com  x-goog-user-project=avanza-ilo
[debug] [2026-07-11T06:40:35.682Z] >>> [apiv2][query] GET https://serviceusage.googleapis.com/v1/projects/avanza-ilo/services/sqladmin.googleapis.com [none]
[debug] [2026-07-11T06:40:35.682Z] >>> [apiv2][(partial)header] GET https://serviceusage.googleapis.com/v1/projects/avanza-ilo/services/sqladmin.googleapis.com  x-goog-user-project=avanza-ilo
[debug] [2026-07-11T06:40:36.233Z] <<< [apiv2][status] GET https://serviceusage.googleapis.com/v1/projects/avanza-ilo/services/sqladmin.googleapis.com 200
[debug] [2026-07-11T06:40:36.234Z] <<< [apiv2][body] GET https://serviceusage.googleapis.com/v1/projects/avanza-ilo/services/sqladmin.googleapis.com [omitted]
[warn] !  dataconnect: missing required API sqladmin.googleapis.com. Enabling now... 
[debug] [2026-07-11T06:40:36.234Z] Checked if tokens are valid: true, expires at: 1783755600925
[debug] [2026-07-11T06:40:36.234Z] Checked if tokens are valid: true, expires at: 1783755600925
[debug] [2026-07-11T06:40:36.234Z] >>> [apiv2][query] POST https://serviceusage.googleapis.com/v1/projects/avanza-ilo/services/sqladmin.googleapis.com:enable [none]
[debug] [2026-07-11T06:40:36.234Z] >>> [apiv2][(partial)header] POST https://serviceusage.googleapis.com/v1/projects/avanza-ilo/services/sqladmin.googleapis.com:enable  x-goog-user-project=avanza-ilo
[debug] [2026-07-11T06:40:36.235Z] <<< [apiv2][status] GET https://serviceusage.googleapis.com/v1/projects/avanza-ilo/services/firebasedataconnect.googleapis.com 200
[debug] [2026-07-11T06:40:36.235Z] <<< [apiv2][body] GET https://serviceusage.googleapis.com/v1/projects/avanza-ilo/services/firebasedataconnect.googleapis.com [omitted]
[warn] !  dataconnect: missing required API firebasedataconnect.googleapis.com. Enabling now... 
[debug] [2026-07-11T06:40:36.235Z] Checked if tokens are valid: true, expires at: 1783755600925
[debug] [2026-07-11T06:40:36.235Z] Checked if tokens are valid: true, expires at: 1783755600925
[debug] [2026-07-11T06:40:36.236Z] >>> [apiv2][query] POST https://serviceusage.googleapis.com/v1/projects/avanza-ilo/services/firebasedataconnect.googleapis.com:enable [none]
[debug] [2026-07-11T06:40:36.236Z] >>> [apiv2][(partial)header] POST https://serviceusage.googleapis.com/v1/projects/avanza-ilo/services/firebasedataconnect.googleapis.com:enable  x-goog-user-project=avanza-ilo
[debug] [2026-07-11T06:40:36.943Z] <<< [apiv2][status] POST https://serviceusage.googleapis.com/v1/projects/avanza-ilo/services/sqladmin.googleapis.com:enable 200
[debug] [2026-07-11T06:40:36.943Z] <<< [apiv2][body] POST https://serviceusage.googleapis.com/v1/projects/avanza-ilo/services/sqladmin.googleapis.com:enable [omitted]
[debug] [2026-07-11T06:40:36.963Z] <<< [apiv2][status] POST https://serviceusage.googleapis.com/v1/projects/avanza-ilo/services/firebasedataconnect.googleapis.com:enable 200
[debug] [2026-07-11T06:40:36.963Z] <<< [apiv2][body] POST https://serviceusage.googleapis.com/v1/projects/avanza-ilo/services/firebasedataconnect.googleapis.com:enable [omitted]
[debug] [2026-07-11T06:40:46.974Z] Checked if tokens are valid: true, expires at: 1783755600925
[debug] [2026-07-11T06:40:46.974Z] Checked if tokens are valid: true, expires at: 1783755600925
[debug] [2026-07-11T06:40:46.974Z] >>> [apiv2][query] GET https://firebasedataconnect.googleapis.com/v1/projects/avanza-ilo/locations/-/services [none]
[debug] [2026-07-11T06:40:48.273Z] <<< [apiv2][status] GET https://firebasedataconnect.googleapis.com/v1/projects/avanza-ilo/locations/-/services 200
[debug] [2026-07-11T06:40:48.274Z] <<< [apiv2][body] GET https://firebasedataconnect.googleapis.com/v1/projects/avanza-ilo/locations/-/services {}
[debug] [2026-07-11T06:40:58.370Z] ExitPromptError: User force closed the prompt with SIGINT
    at Interface.sigint (C:\Users\rene_\AppData\Roaming\npm\node_modules\firebase-tools\node_modules\@inquirer\core\dist\commonjs\lib\create-prompt.js:101:37)
    at Interface.emit (node:events:509:28)
    at [_ttyWrite] [as _ttyWrite] (node:internal/readline/interface:1327:18)
    at ReadStream.onkeypress (node:internal/readline/interface:284:20)
    at ReadStream.emit (node:events:521:24)
    at emitKeys (node:internal/readline/utils:371:14)
    at emitKeys.next (<anonymous>)
    at ReadStream.onData (node:internal/readline/emitKeypressEvents:64:36)
    at ReadStream.emit (node:events:509:28)
    at addChunk (node:internal/streams/readable:563:12)
[error] 
[error] Error: An unexpected error has occurred.
